<html>
<body>
<pre>
<h1>µVision Build Log</h1>
<h2>Tool Versions:</h2>
IDE-Version: £gVision V5.17.0.0
Copyright (C) 2015 ARM Ltd and ARM Germany GmbH. All rights reserved.
License Information: Ken KenWang42 NB, ccg, LIC=D0D74-FWJLC-SBHEJ-U4SWD-JICF5-5W5TW
 
Tool Versions:
Toolchain:       MDK-ARM Standard  Version: 5.17
Toolchain Path:  C:\Keil_v5\ARM\ARMCC\Bin
C Compiler:      Armcc.exe V5.06 update 1 (build 61)
Assembler:       Armasm.exe V5.06 update 1 (build 61)
Linker/Locator:  ArmLink.exe V5.06 update 1 (build 61)
Library Manager: ArmAr.exe V5.06 update 1 (build 61)
Hex Converter:   FromElf.exe V5.06 update 1 (build 61)
CPU DLL:         SARMCM3.DLL V5.17
Dialog DLL:      DCM.DLL V1.13.4.0
Target DLL:      STLink\ST-LINKIII-KEIL_SWO.dll V2.0.18.0
Dialog DLL:      TCM.DLL V1.14.6.0
 
<h2>Project:</h2>
D:\STM32f4\KW_project\Main_Project v FUCK RTC\01-STM32F4xx_Keil_CMSIS_Default_Project\project.uvprojx
Project File Date:  01/15/2017

<h2>Output:</h2>
*** Using Compiler 'V5.06 update 1 (build 61)', folder: 'C:\Keil_v5\ARM\ARMCC\Bin'
Build target 'STM32F4-Discovery'
assembling startup_stm32f40_41xxx.s...
compiling stm32f4xx_it.c...
.\User\kw_function.h(11): warning:  #1295-D: Deprecated declaration USART3_init - give arg types
  void USART3_init();
.\User\kw_function.h(12): warning:  #1295-D: Deprecated declaration Button_init - give arg types
  void Button_init();
.\User\kw_function.h(13): warning:  #1295-D: Deprecated declaration ADC1_init - give arg types
  void ADC1_init();
User\KW_function.h(11): warning:  #1295-D: Deprecated declaration USART3_init - give arg types
  void USART3_init();
User\KW_function.h(12): warning:  #1295-D: Deprecated declaration Button_init - give arg types
  void Button_init();
User\KW_function.h(13): warning:  #1295-D: Deprecated declaration ADC1_init - give arg types
  void ADC1_init();
User\KW_function.h(11): warning:  #1295-D: Deprecated declaration USART3_init - give arg types
  void USART3_init();
User\KW_function.h(12): warning:  #1295-D: Deprecated declaration Button_init - give arg types
  void Button_init();
User\KW_function.h(13): warning:  #1295-D: Deprecated declaration ADC1_init - give arg types
  void ADC1_init();
User\wifi_command.h(18): warning:  #1295-D: Deprecated declaration wificommand_BUT - give arg types
  void wificommand_BUT();
User\wifi_command.h(19): warning:  #1295-D: Deprecated declaration wificommand_LEV - give arg types
  void wificommand_LEV();
User\wifi_command.h(22): warning:  #1-D: last line of file ends without a newline
  void wificommand_checktime();
User\wifi_command.h(22): warning:  #1295-D: Deprecated declaration wificommand_checktime - give arg types
  void wificommand_checktime();
User\main.h(22): warning:  #1-D: last line of file ends without a newline
  #include "KW_periphery.h"
User\KW_function.h(11): warning:  #1295-D: Deprecated declaration USART3_init - give arg types
  void USART3_init();
User\KW_function.h(12): warning:  #1295-D: Deprecated declaration Button_init - give arg types
  void Button_init();
User\KW_function.h(13): warning:  #1295-D: Deprecated declaration ADC1_init - give arg types
  void ADC1_init();
User\wifi_command.h(18): warning:  #1295-D: Deprecated declaration wificommand_BUT - give arg types
  void wificommand_BUT();
User\wifi_command.h(19): warning:  #1295-D: Deprecated declaration wificommand_LEV - give arg types
  void wificommand_LEV();
User\wifi_command.h(22): warning:  #1-D: last line of file ends without a newline
  void wificommand_checktime();
User\wifi_command.h(22): warning:  #1295-D: Deprecated declaration wificommand_checktime - give arg types
  void wificommand_checktime();
User\KW_function.h(11): warning:  #1295-D: Deprecated declaration USART3_init - give arg types
  void USART3_init();
User\KW_function.h(12): warning:  #1295-D: Deprecated declaration Button_init - give arg types
  void Button_init();
User\KW_function.h(13): warning:  #1295-D: Deprecated declaration ADC1_init - give arg types
  void ADC1_init();
User\KW_periphery.h(20): warning:  #1-D: last line of file ends without a newline
  #define WLev ADC1, ADC_Channel_9 //PB1
User\stm32f4xx_it.c: 25 warnings, 0 errors
compiling main.c...
.\User\kw_function.h(11): warning:  #1295-D: Deprecated declaration USART3_init - give arg types
  void USART3_init();
.\User\kw_function.h(12): warning:  #1295-D: Deprecated declaration Button_init - give arg types
  void Button_init();
.\User\kw_function.h(13): warning:  #1295-D: Deprecated declaration ADC1_init - give arg types
  void ADC1_init();
User\KW_function.h(11): warning:  #1295-D: Deprecated declaration USART3_init - give arg types
  void USART3_init();
User\KW_function.h(12): warning:  #1295-D: Deprecated declaration Button_init - give arg types
  void Button_init();
User\KW_function.h(13): warning:  #1295-D: Deprecated declaration ADC1_init - give arg types
  void ADC1_init();
User\KW_function.h(11): warning:  #1295-D: Deprecated declaration USART3_init - give arg types
  void USART3_init();
User\KW_function.h(12): warning:  #1295-D: Deprecated declaration Button_init - give arg types
  void Button_init();
User\KW_function.h(13): warning:  #1295-D: Deprecated declaration ADC1_init - give arg types
  void ADC1_init();
User\wifi_command.h(18): warning:  #1295-D: Deprecated declaration wificommand_BUT - give arg types
  void wificommand_BUT();
User\wifi_command.h(19): warning:  #1295-D: Deprecated declaration wificommand_LEV - give arg types
  void wificommand_LEV();
User\wifi_command.h(22): warning:  #1-D: last line of file ends without a newline
  void wificommand_checktime();
User\wifi_command.h(22): warning:  #1295-D: Deprecated declaration wificommand_checktime - give arg types
  void wificommand_checktime();
User\main.h(22): warning:  #1-D: last line of file ends without a newline
  #include "KW_periphery.h"
User\KW_function.h(11): warning:  #1295-D: Deprecated declaration USART3_init - give arg types
  void USART3_init();
User\KW_function.h(12): warning:  #1295-D: Deprecated declaration Button_init - give arg types
  void Button_init();
User\KW_function.h(13): warning:  #1295-D: Deprecated declaration ADC1_init - give arg types
  void ADC1_init();
User\wifi_command.h(18): warning:  #1295-D: Deprecated declaration wificommand_BUT - give arg types
  void wificommand_BUT();
User\wifi_command.h(19): warning:  #1295-D: Deprecated declaration wificommand_LEV - give arg types
  void wificommand_LEV();
User\wifi_command.h(22): warning:  #1-D: last line of file ends without a newline
  void wificommand_checktime();
User\wifi_command.h(22): warning:  #1295-D: Deprecated declaration wificommand_checktime - give arg types
  void wificommand_checktime();
User\KW_function.h(11): warning:  #1295-D: Deprecated declaration USART3_init - give arg types
  void USART3_init();
User\KW_function.h(12): warning:  #1295-D: Deprecated declaration Button_init - give arg types
  void Button_init();
User\KW_function.h(13): warning:  #1295-D: Deprecated declaration ADC1_init - give arg types
  void ADC1_init();
User\KW_periphery.h(20): warning:  #1-D: last line of file ends without a newline
  #define WLev ADC1, ADC_Channel_9 //PB1
User\main.c(26): warning:  #1295-D: Deprecated declaration USART3_ReadLine - give arg types
  char * USART3_ReadLine();
User\main.c(209): warning:  #1-D: last line of file ends without a newline
  }
User\main.c: 27 warnings, 0 errors
compiling KW_periphery.c...
User\KW_function.h(11): warning:  #1295-D: Deprecated declaration USART3_init - give arg types
  void USART3_init();
User\KW_function.h(12): warning:  #1295-D: Deprecated declaration Button_init - give arg types
  void Button_init();
User\KW_function.h(13): warning:  #1295-D: Deprecated declaration ADC1_init - give arg types
  void ADC1_init();
User\wifi_command.h(18): warning:  #1295-D: Deprecated declaration wificommand_BUT - give arg types
  void wificommand_BUT();
User\wifi_command.h(19): warning:  #1295-D: Deprecated declaration wificommand_LEV - give arg types
  void wificommand_LEV();
User\wifi_command.h(22): warning:  #1-D: last line of file ends without a newline
  void wificommand_checktime();
User\wifi_command.h(22): warning:  #1295-D: Deprecated declaration wificommand_checktime - give arg types
  void wificommand_checktime();
User\KW_function.h(11): warning:  #1295-D: Deprecated declaration USART3_init - give arg types
  void USART3_init();
User\KW_function.h(12): warning:  #1295-D: Deprecated declaration Button_init - give arg types
  void Button_init();
User\KW_function.h(13): warning:  #1295-D: Deprecated declaration ADC1_init - give arg types
  void ADC1_init();
User\KW_periphery.h(20): warning:  #1-D: last line of file ends without a newline
  #define WLev ADC1, ADC_Channel_9 //PB1
User\KW_periphery.c(55): warning:  #1035-D: single-precision operand implicitly converted to double-precision
  	Frequency /= 7.5;
User\KW_periphery.c(58): warning:  #1-D: last line of file ends without a newline
  }
User\KW_periphery.c: 13 warnings, 0 errors
compiling wifi_command.c...
User\KW_function.h(11): warning:  #1295-D: Deprecated declaration USART3_init - give arg types
  void USART3_init();
User\KW_function.h(12): warning:  #1295-D: Deprecated declaration Button_init - give arg types
  void Button_init();
User\KW_function.h(13): warning:  #1295-D: Deprecated declaration ADC1_init - give arg types
  void ADC1_init();
User\wifi_command.h(18): warning:  #1295-D: Deprecated declaration wificommand_BUT - give arg types
  void wificommand_BUT();
User\wifi_command.h(19): warning:  #1295-D: Deprecated declaration wificommand_LEV - give arg types
  void wificommand_LEV();
User\wifi_command.h(22): warning:  #1295-D: Deprecated declaration wificommand_checktime - give arg types
  void wificommand_checktime();
User\wifi_command.c(11): warning:  #223-D: function "sprintf" declared implicitly
  	sprintf((char*)buf, WIFILEN, Cmd_len);
User\wifi_command.c(30): warning:  #223-D: function "sprintf" declared implicitly
  	sprintf((char*)buf, WIFILEN, Cmd_len);
User\wifi_command.c(51): warning:  #223-D: function "sprintf" declared implicitly
  	sprintf((char*)buf, WIFILEN, Cmd_len);
User\wifi_command.c(93): warning:  #223-D: function "sprintf" declared implicitly
  	sprintf((char*)buf, WIFILEN, Cmd_len);
User\wifi_command.c(114): warning:  #223-D: function "sprintf" declared implicitly
  	sprintf((char*)buf, WIFILEN, Cmd_len);
User\wifi_command.c(119): warning:  #1-D: last line of file ends without a newline
  }
User\wifi_command.c: 13 warnings, 0 errors
linking...
Program Size: Code=23860 RO-data=1288 RW-data=160 ZI-data=1472  
FromELF: creating hex file...
".\Targets\STM32F4_Discovery\project.axf" - 0 Error(s), 77 Warning(s).

<h2>Collection of Component include folders:</h2>
  D:\STM32f4\KW_project\Main_Project v FUCK RTC\01-STM32F4xx_Keil_CMSIS_Default_Project\RTE
  C:\Keil_v5\ARM\PACK\Keil\STM32F4xx_DFP\2.8.0\Drivers\CMSIS\Device\ST\STM32F4xx\Include

<h2>Collection of Component Files used:</h2>
Build Time Elapsed:  00:00:03
</pre>
</body>
</html>
